
######################################################
##                 EXDACS MODEL                     ##
######################################################
1. Initializing Main ...
my rank  = 0
my panel = 1
x1v = 
-0.375 
-0.125 
--------------
0.125 
0.375 
0.625 
0.875 
--------------
1.125 
1.375 

x2f = 
-0.5 
-0.375 
--------------
-0.25 
-0.125 
0 
0.125 
--------------
0.25 
0.375 

x3f = 
-0.5 
-0.375 
--------------
-0.25 
-0.125 
0 
0.125 
--------------
0.25 
0.375 
my rank  = 0
my panel = 2
x1v = 
-0.375 
-0.125 
--------------
0.125 
0.375 
0.625 
0.875 
--------------
1.125 
1.375 

x2f = 
-0.5 
-0.375 
--------------
-0.25 
-0.125 
0 
0.125 
--------------
0.25 
0.375 

x3f = 
-0.5 
-0.375 
--------------
-0.25 
-0.125 
0 
0.125 
--------------
0.25 
0.375 
my rank  = 0
my panel = 3
x1v = 
-0.375 
-0.125 
--------------
0.125 
0.375 
0.625 
0.875 
--------------
1.125 
1.375 

x2f = 
-0.5 
-0.375 
--------------
-0.25 
-0.125 
0 
0.125 
--------------
0.25 
0.375 

x3f = 
-0.5 
-0.375 
--------------
-0.25 
-0.125 
0 
0.125 
--------------
0.25 
0.375 
my rank  = 0
my panel = 4
x1v = 
-0.375 
-0.125 
--------------
0.125 
0.375 
0.625 
0.875 
--------------
1.125 
1.375 

x2f = 
-0.5 
-0.375 
--------------
-0.25 
-0.125 
0 
0.125 
--------------
0.25 
0.375 

x3f = 
-0.5 
-0.375 
--------------
-0.25 
-0.125 
0 
0.125 
--------------
0.25 
0.375 
my rank  = 0
my panel = 5
x1v = 
-0.375 
-0.125 
--------------
0.125 
0.375 
0.625 
0.875 
--------------
1.125 
1.375 

x2f = 
-0.5 
-0.375 
--------------
-0.25 
-0.125 
0 
0.125 
--------------
0.25 
0.375 

x3f = 
-0.5 
-0.375 
--------------
-0.25 
-0.125 
-2.77556e-17 
0.125 
--------------
0.25 
0.375 
my rank  = 0
my panel = 6
x1v = 
-0.375 
-0.125 
--------------
0.125 
0.375 
0.625 
0.875 
--------------
1.125 
1.375 

x2f = 
-0.5 
-0.375 
--------------
-0.25 
-0.125 
0 
0.125 
--------------
0.25 
0.375 

x3f = 
-0.5 
-0.375 
--------------
-0.25 
-0.125 
-2.77556e-17 
0.125 
--------------
0.25 
0.375 

Setup complete, entering main loop...

cycle=0 time=0.0000000000000000e+00 dt=9.0000000000000000e+01
cycle=1 time=9.0000000000000000e+01 dt=1.8000000000000000e+02
cycle=1 time=9.0000000000000000e+01 dt=1.8000000000000000e+02

Terminating on cycle limit
time=9.0000000000000000e+01 cycle=1
tlim=9.0000000000000000e+01 nlim=1

zone-cycles = 384
cpu time used  = 4.5367999999999999e-02
zone-cycles/cpu_second = 8.4641156762475748e+03
Main done.
